// Jest Snapshot v1, https://goo.gl/fbAQLP

exports[`app/sample renders correctly 1`] = `
<div>
  <div>
    Sample
  </div>
</div>
`;
